// Jest Snapshot v1, https://goo.gl/fbAQLP

exports[`Tests Navbar component functionality Snapshots component 1`] = `
<header
  class="MuiPaper-root MuiPaper-elevation MuiPaper-elevation4 MuiAppBar-root MuiAppBar-colorPrimary MuiAppBar-positionStatic css-1k0ixfn-MuiPaper-root-MuiAppBar-root"
  data-testid="navbar-main__container"
  id="back-to-top-anchor"
>
  <div
    class="css-v8czxn"
  >
    <div
      class="MuiToolbar-root MuiToolbar-regular css-r6ewbb-MuiToolbar-root"
    >
      <div
        class="css-qfqfuh"
      >
        <div
          aria-label="Open Settings"
          class=" css-k008qs"
          data-mui-internal-clone-element="true"
        >
          <button
            class="MuiButtonBase-root MuiIconButton-root MuiIconButton-colorInherit MuiIconButton-sizeMedium css-uw9pdr-MuiButtonBase-root-MuiIconButton-root"
            data-testid="navbar-avatar__image"
            height="2rem"
            tabindex="0"
            type="button"
            width="2rem"
          >
            <div
              class="MuiAvatar-root MuiAvatar-circular MuiAvatar-colorDefault css-2s90m6-MuiAvatar-root"
            >
              <svg
                aria-hidden="true"
                class="MuiSvgIcon-root MuiSvgIcon-fontSizeMedium MuiAvatar-fallback css-10mi8st-MuiSvgIcon-root-MuiAvatar-fallback"
                data-testid="PersonIcon"
                focusable="false"
                viewBox="0 0 24 24"
              >
                <path
                  d="M12 12c2.21 0 4-1.79 4-4s-1.79-4-4-4-4 1.79-4 4 1.79 4 4 4zm0 2c-2.67 0-8 1.34-8 4v2h16v-2c0-2.66-5.33-4-8-4z"
                />
              </svg>
            </div>
            <span
              class="MuiTouchRipple-root css-8je8zh-MuiTouchRipple-root"
            />
          </button>
          <div
            class="css-1mix1ln"
            data-testid="navbar-email__container"
          >
            diborodin@deloitte.co.il
          </div>
          <button
            class="MuiButtonBase-root MuiIconButton-root MuiIconButton-colorInherit MuiIconButton-sizeMedium css-zp4dzp-MuiButtonBase-root-MuiIconButton-root"
            fill="#575F6E"
            tabindex="0"
            type="button"
          >
            <svg
              aria-hidden="true"
              class="MuiSvgIcon-root MuiSvgIcon-fontSizeMedium css-i4bv87-MuiSvgIcon-root"
              data-testid="ArrowDropDownIcon"
              focusable="false"
              viewBox="0 0 24 24"
            >
              <path
                d="m7 10 5 5 5-5z"
              />
            </svg>
            <span
              class="MuiTouchRipple-root css-8je8zh-MuiTouchRipple-root"
            />
          </button>
        </div>
      </div>
    </div>
  </div>
</header>
`;
